TimeQuest Timing Analyzer report for multiplexador
Mon Apr 15 15:43:42 2019
Quartus II 64-Bit Version 13.0.0 Build 156 04/24/2013 SJ Web Edition


---------------------
; Table of Contents ;
---------------------
  1. Legal Notice
  2. TimeQuest Timing Analyzer Summary
  3. Parallel Compilation
  4. Clocks
  5. Slow Model Fmax Summary
  6. Slow Model Setup Summary
  7. Slow Model Hold Summary
  8. Slow Model Recovery Summary
  9. Slow Model Removal Summary
 10. Slow Model Minimum Pulse Width Summary
 11. Propagation Delay
 12. Minimum Propagation Delay
 13. Fast Model Setup Summary
 14. Fast Model Hold Summary
 15. Fast Model Recovery Summary
 16. Fast Model Removal Summary
 17. Fast Model Minimum Pulse Width Summary
 18. Propagation Delay
 19. Minimum Propagation Delay
 20. Multicorner Timing Analysis Summary
 21. Progagation Delay
 22. Minimum Progagation Delay
 23. Clock Transfers
 24. Report TCCS
 25. Report RSKM
 26. Unconstrained Paths
 27. TimeQuest Timing Analyzer Messages



----------------
; Legal Notice ;
----------------
Copyright (C) 1991-2013 Altera Corporation
Your use of Altera Corporation's design tools, logic functions 
and other software and tools, and its AMPP partner logic 
functions, and any output files from any of the foregoing 
(including device programming or simulation files), and any 
associated documentation or information are expressly subject 
to the terms and conditions of the Altera Program License 
Subscription Agreement, Altera MegaCore Function License 
Agreement, or other applicable license agreement, including, 
without limitation, that your use is for the sole purpose of 
programming logic devices manufactured by Altera and sold by 
Altera or its authorized distributors.  Please refer to the 
applicable agreement for further details.



+-------------------------------------------------------------------------+
; TimeQuest Timing Analyzer Summary                                       ;
+--------------------+----------------------------------------------------+
; Quartus II Version ; Version 13.0.0 Build 156 04/24/2013 SJ Web Edition ;
; Revision Name      ; multiplexador                                      ;
; Device Family      ; Cyclone II                                         ;
; Device Name        ; EP2C35F672C6                                       ;
; Timing Models      ; Final                                              ;
; Delay Model        ; Combined                                           ;
; Rise/Fall Delays   ; Unavailable                                        ;
+--------------------+----------------------------------------------------+


Parallel compilation was disabled, but you have multiple processors available. Enable parallel compilation to reduce compilation time.
+-------------------------------------+
; Parallel Compilation                ;
+----------------------------+--------+
; Processors                 ; Number ;
+----------------------------+--------+
; Number detected on machine ; 4      ;
; Maximum allowed            ; 1      ;
+----------------------------+--------+


----------
; Clocks ;
----------
No clocks to report.


---------------------------
; Slow Model Fmax Summary ;
---------------------------
No paths to report.


----------------------------
; Slow Model Setup Summary ;
----------------------------
No paths to report.


---------------------------
; Slow Model Hold Summary ;
---------------------------
No paths to report.


-------------------------------
; Slow Model Recovery Summary ;
-------------------------------
No paths to report.


------------------------------
; Slow Model Removal Summary ;
------------------------------
No paths to report.


------------------------------------------
; Slow Model Minimum Pulse Width Summary ;
------------------------------------------
No paths to report.


+---------------------------------------------------------------+
; Propagation Delay                                             ;
+------------+--------------+--------+--------+--------+--------+
; Input Port ; Output Port  ; RR     ; RF     ; FR     ; FF     ;
+------------+--------------+--------+--------+--------+--------+
; SMult[0]   ; CoLed        ; 8.070  ; 8.498  ; 8.498  ; 8.070  ;
; SMult[0]   ; y[0]         ; 10.393 ; 10.393 ; 10.393 ; 10.393 ;
; SMult[0]   ; y[1]         ; 10.393 ; 10.393 ; 10.393 ; 10.393 ;
; SMult[0]   ; y[2]         ; 10.645 ; 10.645 ; 10.645 ; 10.645 ;
; SMult[0]   ; y[3]         ; 10.732 ; 10.732 ; 10.732 ; 10.732 ;
; SMult[0]   ; y[4]         ; 10.599 ; 10.599 ; 10.599 ; 10.599 ;
; SMult[0]   ; y[5]         ; 10.852 ; 10.376 ; 10.376 ; 10.852 ;
; SMult[0]   ; y[6]         ; 10.661 ; 10.661 ; 10.661 ; 10.661 ;
; SMult[1]   ; CoLed        ; 7.819  ; 7.446  ; 7.446  ; 7.819  ;
; SMult[1]   ; y[0]         ; 10.113 ; 10.113 ; 10.113 ; 10.113 ;
; SMult[1]   ; y[1]         ; 10.113 ; 10.113 ; 10.113 ; 10.113 ;
; SMult[1]   ; y[2]         ; 10.365 ; 10.365 ; 10.365 ; 10.365 ;
; SMult[1]   ; y[3]         ; 10.452 ; 10.452 ; 10.452 ; 10.452 ;
; SMult[1]   ; y[4]         ; 10.319 ; 10.319 ; 10.319 ; 10.319 ;
; SMult[1]   ; y[5]         ; 10.096 ; 10.572 ; 10.572 ; 10.096 ;
; SMult[1]   ; y[6]         ; 10.381 ; 10.381 ; 10.381 ; 10.381 ;
; SMult[2]   ; CoLed        ;        ; 7.057  ; 7.057  ;        ;
; SMult[2]   ; y[0]         ; 10.267 ; 10.267 ; 10.267 ; 10.267 ;
; SMult[2]   ; y[1]         ; 10.267 ; 10.267 ; 10.267 ; 10.267 ;
; SMult[2]   ; y[2]         ; 10.519 ; 10.519 ; 10.519 ; 10.519 ;
; SMult[2]   ; y[3]         ; 10.606 ; 10.606 ; 10.606 ; 10.606 ;
; SMult[2]   ; y[4]         ; 10.473 ; 10.473 ; 10.473 ; 10.473 ;
; SMult[2]   ; y[5]         ; 10.285 ; 10.726 ; 10.726 ; 10.285 ;
; SMult[2]   ; y[6]         ; 10.535 ; 10.535 ; 10.535 ; 10.535 ;
; desliga    ; y[0]         ;        ; 11.271 ; 11.271 ;        ;
; desliga    ; y[1]         ;        ; 11.272 ; 11.272 ;        ;
; desliga    ; y[2]         ;        ; 11.292 ; 11.292 ;        ;
; desliga    ; y[3]         ;        ; 11.439 ; 11.439 ;        ;
; desliga    ; y[4]         ;        ; 11.515 ; 11.515 ;        ;
; desliga    ; y[5]         ;        ; 11.494 ; 11.494 ;        ;
; desliga    ; y[6]         ;        ; 11.555 ; 11.555 ;        ;
; x0[0]      ; CoLed        ; 13.367 ; 13.232 ; 13.232 ; 13.367 ;
; x0[0]      ; y[0]         ; 14.849 ; 14.849 ; 14.849 ; 14.849 ;
; x0[0]      ; y[1]         ; 14.849 ; 14.849 ; 14.849 ; 14.849 ;
; x0[0]      ; y[2]         ; 15.101 ; 15.101 ; 15.101 ; 15.101 ;
; x0[0]      ; y[3]         ; 15.188 ; 15.188 ; 15.188 ; 15.188 ;
; x0[0]      ; y[4]         ; 15.077 ; 15.055 ; 15.055 ; 15.077 ;
; x0[0]      ; y[5]         ; 15.308 ; 15.289 ; 15.289 ; 15.308 ;
; x0[0]      ; y[6]         ; 15.117 ; 15.117 ; 15.117 ; 15.117 ;
; x0[0]      ; ySoma_aux[0] ; 10.772 ; 10.772 ; 10.772 ; 10.772 ;
; x0[0]      ; ySoma_aux[1] ; 10.692 ; 10.692 ; 10.692 ; 10.692 ;
; x0[0]      ; ySoma_aux[2] ; 11.109 ; 11.109 ; 11.109 ; 11.109 ;
; x0[0]      ; ySoma_aux[3] ; 11.389 ; 11.389 ; 11.389 ; 11.389 ;
; x0[1]      ; CoLed        ; 13.280 ; 13.154 ; 13.154 ; 13.280 ;
; x0[1]      ; y[0]         ; 14.771 ; 14.771 ; 14.771 ; 14.771 ;
; x0[1]      ; y[1]         ; 14.771 ; 14.771 ; 14.771 ; 14.771 ;
; x0[1]      ; y[2]         ; 15.023 ; 15.023 ; 15.023 ; 15.023 ;
; x0[1]      ; y[3]         ; 15.110 ; 15.110 ; 15.110 ; 15.110 ;
; x0[1]      ; y[4]         ; 14.999 ; 14.977 ; 14.977 ; 14.999 ;
; x0[1]      ; y[5]         ; 15.230 ; 15.211 ; 15.211 ; 15.230 ;
; x0[1]      ; y[6]         ; 15.039 ; 15.039 ; 15.039 ; 15.039 ;
; x0[1]      ; ySoma_aux[1] ; 10.613 ; 10.613 ; 10.613 ; 10.613 ;
; x0[1]      ; ySoma_aux[2] ; 11.025 ; 11.025 ; 11.025 ; 11.025 ;
; x0[1]      ; ySoma_aux[3] ; 11.305 ; 11.305 ; 11.305 ; 11.305 ;
; x0[2]      ; CoLed        ; 12.974 ; 12.813 ; 12.813 ; 12.974 ;
; x0[2]      ; y[0]         ; 14.430 ; 14.430 ; 14.430 ; 14.430 ;
; x0[2]      ; y[1]         ; 14.430 ; 14.430 ; 14.430 ; 14.430 ;
; x0[2]      ; y[2]         ; 14.682 ; 14.682 ; 14.682 ; 14.682 ;
; x0[2]      ; y[3]         ; 14.769 ; 14.769 ; 14.769 ; 14.769 ;
; x0[2]      ; y[4]         ; 14.658 ; 14.636 ; 14.636 ; 14.658 ;
; x0[2]      ; y[5]         ; 14.889 ; 14.870 ; 14.870 ; 14.889 ;
; x0[2]      ; y[6]         ; 14.698 ; 14.698 ; 14.698 ; 14.698 ;
; x0[2]      ; ySoma_aux[2] ; 10.682 ; 10.682 ; 10.682 ; 10.682 ;
; x0[2]      ; ySoma_aux[3] ; 10.661 ; 10.661 ; 10.661 ; 10.661 ;
; x0[3]      ; CoLed        ; 12.278 ; 12.243 ; 12.243 ; 12.278 ;
; x0[3]      ; y[0]         ; 13.860 ; 13.860 ; 13.860 ; 13.860 ;
; x0[3]      ; y[1]         ; 13.860 ; 13.860 ; 13.860 ; 13.860 ;
; x0[3]      ; y[2]         ; 14.112 ; 14.112 ; 14.112 ; 14.112 ;
; x0[3]      ; y[3]         ; 14.199 ; 14.199 ; 14.199 ; 14.199 ;
; x0[3]      ; y[4]         ; 14.088 ; 14.066 ; 14.066 ; 14.088 ;
; x0[3]      ; y[5]         ; 14.319 ; 14.300 ; 14.300 ; 14.319 ;
; x0[3]      ; y[6]         ; 14.128 ; 14.128 ; 14.128 ; 14.128 ;
; x0[3]      ; ySoma_aux[3] ; 10.859 ; 10.859 ; 10.859 ; 10.859 ;
; x1[0]      ; CoLed        ; 9.616  ; 9.742  ; 9.742  ; 9.616  ;
; x1[0]      ; y[0]         ; 11.233 ; 11.233 ; 11.233 ; 11.233 ;
; x1[0]      ; y[1]         ; 11.233 ; 11.233 ; 11.233 ; 11.233 ;
; x1[0]      ; y[2]         ; 11.485 ; 11.485 ; 11.485 ; 11.485 ;
; x1[0]      ; y[3]         ; 11.572 ; 11.572 ; 11.572 ; 11.572 ;
; x1[0]      ; y[4]         ; 11.439 ; 11.461 ; 11.461 ; 11.439 ;
; x1[0]      ; y[5]         ; 11.673 ; 11.692 ; 11.692 ; 11.673 ;
; x1[0]      ; y[6]         ; 11.501 ; 11.501 ; 11.501 ; 11.501 ;
; x1[0]      ; ySoma_aux[0] ; 6.605  ; 6.605  ; 6.605  ; 6.605  ;
; x1[0]      ; ySoma_aux[1] ; 7.075  ; 7.075  ; 7.075  ; 7.075  ;
; x1[0]      ; ySoma_aux[2] ; 7.489  ; 7.489  ; 7.489  ; 7.489  ;
; x1[0]      ; ySoma_aux[3] ; 7.769  ; 7.769  ; 7.769  ; 7.769  ;
; x1[1]      ; CoLed        ; 9.876  ; 9.975  ; 9.975  ; 9.876  ;
; x1[1]      ; y[0]         ; 11.493 ; 11.493 ; 11.493 ; 11.493 ;
; x1[1]      ; y[1]         ; 11.493 ; 11.493 ; 11.493 ; 11.493 ;
; x1[1]      ; y[2]         ; 11.745 ; 11.745 ; 11.745 ; 11.745 ;
; x1[1]      ; y[3]         ; 11.832 ; 11.832 ; 11.832 ; 11.832 ;
; x1[1]      ; y[4]         ; 11.699 ; 11.721 ; 11.721 ; 11.699 ;
; x1[1]      ; y[5]         ; 11.933 ; 11.952 ; 11.952 ; 11.933 ;
; x1[1]      ; y[6]         ; 11.761 ; 11.761 ; 11.761 ; 11.761 ;
; x1[1]      ; ySoma_aux[1] ; 7.332  ; 7.332  ; 7.332  ; 7.332  ;
; x1[1]      ; ySoma_aux[2] ; 7.746  ; 7.746  ; 7.746  ; 7.746  ;
; x1[1]      ; ySoma_aux[3] ; 8.026  ; 8.026  ; 8.026  ; 8.026  ;
; x1[2]      ; CoLed        ; 8.750  ; 8.882  ; 8.882  ; 8.750  ;
; x1[2]      ; y[0]         ; 10.367 ; 10.367 ; 10.367 ; 10.367 ;
; x1[2]      ; y[1]         ; 10.367 ; 10.367 ; 10.367 ; 10.367 ;
; x1[2]      ; y[2]         ; 10.619 ; 10.619 ; 10.619 ; 10.619 ;
; x1[2]      ; y[3]         ; 10.706 ; 10.706 ; 10.706 ; 10.706 ;
; x1[2]      ; y[4]         ; 10.573 ; 10.595 ; 10.595 ; 10.573 ;
; x1[2]      ; y[5]         ; 10.807 ; 10.826 ; 10.826 ; 10.807 ;
; x1[2]      ; y[6]         ; 10.635 ; 10.635 ; 10.635 ; 10.635 ;
; x1[2]      ; ySoma_aux[2] ; 6.603  ; 6.603  ; 6.603  ; 6.603  ;
; x1[2]      ; ySoma_aux[3] ; 6.577  ; 6.577  ; 6.577  ; 6.577  ;
; x1[3]      ; CoLed        ; 12.781 ; 12.605 ; 12.605 ; 12.781 ;
; x1[3]      ; y[0]         ; 14.398 ; 14.398 ; 14.398 ; 14.398 ;
; x1[3]      ; y[1]         ; 14.398 ; 14.398 ; 14.398 ; 14.398 ;
; x1[3]      ; y[2]         ; 14.650 ; 14.650 ; 14.650 ; 14.650 ;
; x1[3]      ; y[3]         ; 14.737 ; 14.737 ; 14.737 ; 14.737 ;
; x1[3]      ; y[4]         ; 14.604 ; 14.626 ; 14.626 ; 14.604 ;
; x1[3]      ; y[5]         ; 14.838 ; 14.857 ; 14.857 ; 14.838 ;
; x1[3]      ; y[6]         ; 14.666 ; 14.666 ; 14.666 ; 14.666 ;
; x1[3]      ; ySoma_aux[3] ; 11.090 ; 11.090 ; 11.090 ; 11.090 ;
+------------+--------------+--------+--------+--------+--------+


+---------------------------------------------------------------+
; Minimum Propagation Delay                                     ;
+------------+--------------+--------+--------+--------+--------+
; Input Port ; Output Port  ; RR     ; RF     ; FR     ; FF     ;
+------------+--------------+--------+--------+--------+--------+
; SMult[0]   ; CoLed        ; 7.645  ; 8.498  ; 8.498  ; 7.645  ;
; SMult[0]   ; y[0]         ; 7.777  ; 8.850  ; 8.850  ; 7.777  ;
; SMult[0]   ; y[1]         ; 8.851  ; 7.778  ; 7.778  ; 8.851  ;
; SMult[0]   ; y[2]         ; 9.103  ; 7.793  ; 7.793  ; 9.103  ;
; SMult[0]   ; y[3]         ; 7.606  ; 9.190  ; 9.190  ; 7.606  ;
; SMult[0]   ; y[4]         ; 9.083  ; 8.006  ; 8.006  ; 9.083  ;
; SMult[0]   ; y[5]         ; 9.309  ; 8.000  ; 8.000  ; 9.309  ;
; SMult[0]   ; y[6]         ; 8.045  ; 9.123  ; 9.123  ; 8.045  ;
; SMult[1]   ; CoLed        ; 7.819  ; 7.446  ; 7.446  ; 7.819  ;
; SMult[1]   ; y[0]         ; 7.897  ; 8.602  ; 8.602  ; 7.897  ;
; SMult[1]   ; y[1]         ; 8.835  ; 7.898  ; 7.898  ; 8.835  ;
; SMult[1]   ; y[2]         ; 9.087  ; 7.913  ; 7.913  ; 9.087  ;
; SMult[1]   ; y[3]         ; 7.726  ; 8.947  ; 8.947  ; 7.726  ;
; SMult[1]   ; y[4]         ; 8.839  ; 8.126  ; 8.126  ; 8.839  ;
; SMult[1]   ; y[5]         ; 9.063  ; 8.120  ; 8.120  ; 9.063  ;
; SMult[1]   ; y[6]         ; 8.165  ; 8.877  ; 8.877  ; 8.165  ;
; SMult[2]   ; CoLed        ;        ; 7.057  ; 7.057  ;        ;
; SMult[2]   ; y[0]         ; 7.392  ; 8.211  ; 8.211  ; 7.392  ;
; SMult[2]   ; y[1]         ; 8.214  ; 7.393  ; 7.393  ; 8.214  ;
; SMult[2]   ; y[2]         ; 8.466  ; 7.408  ; 7.408  ; 8.466  ;
; SMult[2]   ; y[3]         ; 7.221  ; 8.556  ; 8.556  ; 7.221  ;
; SMult[2]   ; y[4]         ; 8.448  ; 7.621  ; 7.621  ; 8.448  ;
; SMult[2]   ; y[5]         ; 8.672  ; 7.615  ; 7.615  ; 8.672  ;
; SMult[2]   ; y[6]         ; 7.660  ; 8.486  ; 8.486  ; 7.660  ;
; desliga    ; y[0]         ;        ; 11.271 ; 11.271 ;        ;
; desliga    ; y[1]         ;        ; 11.272 ; 11.272 ;        ;
; desliga    ; y[2]         ;        ; 11.292 ; 11.292 ;        ;
; desliga    ; y[3]         ;        ; 11.439 ; 11.439 ;        ;
; desliga    ; y[4]         ;        ; 11.515 ; 11.515 ;        ;
; desliga    ; y[5]         ;        ; 11.494 ; 11.494 ;        ;
; desliga    ; y[6]         ;        ; 11.555 ; 11.555 ;        ;
; x0[0]      ; CoLed        ; 12.504 ; 13.232 ; 13.232 ; 12.504 ;
; x0[0]      ; y[0]         ; 12.243 ; 12.243 ; 12.243 ; 12.243 ;
; x0[0]      ; y[1]         ; 12.226 ; 12.226 ; 12.226 ; 12.226 ;
; x0[0]      ; y[2]         ; 12.479 ; 12.479 ; 12.479 ; 12.479 ;
; x0[0]      ; y[3]         ; 12.329 ; 12.585 ; 12.585 ; 12.329 ;
; x0[0]      ; y[4]         ; 12.474 ; 12.474 ; 12.474 ; 12.474 ;
; x0[0]      ; y[5]         ; 12.686 ; 12.686 ; 12.686 ; 12.686 ;
; x0[0]      ; y[6]         ; 12.481 ; 12.481 ; 12.481 ; 12.481 ;
; x0[0]      ; ySoma_aux[0] ; 10.772 ; 10.772 ; 10.772 ; 10.772 ;
; x0[0]      ; ySoma_aux[1] ; 10.692 ; 10.692 ; 10.692 ; 10.692 ;
; x0[0]      ; ySoma_aux[2] ; 11.109 ; 11.109 ; 11.109 ; 11.109 ;
; x0[0]      ; ySoma_aux[3] ; 11.389 ; 11.389 ; 11.389 ; 11.389 ;
; x0[1]      ; CoLed        ; 12.420 ; 13.154 ; 13.154 ; 12.420 ;
; x0[1]      ; y[0]         ; 12.156 ; 12.156 ; 12.156 ; 12.156 ;
; x0[1]      ; y[1]         ; 12.139 ; 12.139 ; 12.139 ; 12.139 ;
; x0[1]      ; y[2]         ; 12.392 ; 12.392 ; 12.392 ; 12.392 ;
; x0[1]      ; y[3]         ; 12.251 ; 12.498 ; 12.498 ; 12.251 ;
; x0[1]      ; y[4]         ; 12.387 ; 12.387 ; 12.387 ; 12.387 ;
; x0[1]      ; y[5]         ; 12.599 ; 12.599 ; 12.599 ; 12.599 ;
; x0[1]      ; y[6]         ; 12.394 ; 12.394 ; 12.394 ; 12.394 ;
; x0[1]      ; ySoma_aux[1] ; 10.613 ; 10.613 ; 10.613 ; 10.613 ;
; x0[1]      ; ySoma_aux[2] ; 11.025 ; 11.025 ; 11.025 ; 11.025 ;
; x0[1]      ; ySoma_aux[3] ; 11.305 ; 11.305 ; 11.305 ; 11.305 ;
; x0[2]      ; CoLed        ; 12.086 ; 12.813 ; 12.813 ; 12.086 ;
; x0[2]      ; y[0]         ; 12.267 ; 12.549 ; 12.549 ; 12.267 ;
; x0[2]      ; y[1]         ; 12.549 ; 12.263 ; 12.263 ; 12.549 ;
; x0[2]      ; y[2]         ; 12.801 ; 12.291 ; 12.291 ; 12.801 ;
; x0[2]      ; y[3]         ; 11.910 ; 12.888 ; 12.888 ; 11.910 ;
; x0[2]      ; y[4]         ; 12.755 ; 12.515 ; 12.515 ; 12.755 ;
; x0[2]      ; y[5]         ; 13.008 ; 12.493 ; 12.493 ; 13.008 ;
; x0[2]      ; y[6]         ; 12.547 ; 12.817 ; 12.817 ; 12.547 ;
; x0[2]      ; ySoma_aux[2] ; 10.682 ; 10.682 ; 10.682 ; 10.682 ;
; x0[2]      ; ySoma_aux[3] ; 10.661 ; 10.661 ; 10.661 ; 10.661 ;
; x0[3]      ; CoLed        ; 11.250 ; 12.243 ; 12.243 ; 11.250 ;
; x0[3]      ; y[0]         ; 11.697 ; 12.274 ; 12.274 ; 11.697 ;
; x0[3]      ; y[1]         ; 12.275 ; 11.693 ; 11.693 ; 12.275 ;
; x0[3]      ; y[2]         ; 12.527 ; 11.721 ; 11.721 ; 12.527 ;
; x0[3]      ; y[3]         ; 11.340 ; 12.614 ; 12.614 ; 11.340 ;
; x0[3]      ; y[4]         ; 12.507 ; 11.945 ; 11.945 ; 12.507 ;
; x0[3]      ; y[5]         ; 12.733 ; 11.923 ; 11.923 ; 12.733 ;
; x0[3]      ; y[6]         ; 11.977 ; 12.547 ; 12.547 ; 11.977 ;
; x0[3]      ; ySoma_aux[3] ; 10.859 ; 10.859 ; 10.859 ; 10.859 ;
; x1[0]      ; CoLed        ; 8.884  ; 9.742  ; 9.742  ; 8.884  ;
; x1[0]      ; y[0]         ; 8.622  ; 8.622  ; 8.622  ; 8.622  ;
; x1[0]      ; y[1]         ; 8.605  ; 8.605  ; 8.605  ; 8.605  ;
; x1[0]      ; y[2]         ; 8.858  ; 8.858  ; 8.858  ; 8.858  ;
; x1[0]      ; y[3]         ; 8.964  ; 8.713  ; 8.713  ; 8.964  ;
; x1[0]      ; y[4]         ; 8.853  ; 8.853  ; 8.853  ; 8.853  ;
; x1[0]      ; y[5]         ; 9.065  ; 9.065  ; 9.065  ; 9.065  ;
; x1[0]      ; y[6]         ; 8.860  ; 8.860  ; 8.860  ; 8.860  ;
; x1[0]      ; ySoma_aux[0] ; 6.605  ; 6.605  ; 6.605  ; 6.605  ;
; x1[0]      ; ySoma_aux[1] ; 7.075  ; 7.075  ; 7.075  ; 7.075  ;
; x1[0]      ; ySoma_aux[2] ; 7.489  ; 7.489  ; 7.489  ; 7.489  ;
; x1[0]      ; ySoma_aux[3] ; 7.769  ; 7.769  ; 7.769  ; 7.769  ;
; x1[1]      ; CoLed        ; 9.141  ; 9.975  ; 9.975  ; 9.141  ;
; x1[1]      ; y[0]         ; 8.875  ; 8.875  ; 8.875  ; 8.875  ;
; x1[1]      ; y[1]         ; 8.858  ; 8.858  ; 8.858  ; 8.858  ;
; x1[1]      ; y[2]         ; 9.111  ; 9.111  ; 9.111  ; 9.111  ;
; x1[1]      ; y[3]         ; 9.217  ; 8.973  ; 8.973  ; 9.217  ;
; x1[1]      ; y[4]         ; 9.106  ; 9.106  ; 9.106  ; 9.106  ;
; x1[1]      ; y[5]         ; 9.318  ; 9.318  ; 9.318  ; 9.318  ;
; x1[1]      ; y[6]         ; 9.113  ; 9.113  ; 9.113  ; 9.113  ;
; x1[1]      ; ySoma_aux[1] ; 7.332  ; 7.332  ; 7.332  ; 7.332  ;
; x1[1]      ; ySoma_aux[2] ; 7.746  ; 7.746  ; 7.746  ; 7.746  ;
; x1[1]      ; ySoma_aux[3] ; 8.026  ; 8.026  ; 8.026  ; 8.026  ;
; x1[2]      ; CoLed        ; 7.990  ; 8.882  ; 8.882  ; 7.990  ;
; x1[2]      ; y[0]         ; 8.698  ; 8.204  ; 8.204  ; 8.698  ;
; x1[2]      ; y[1]         ; 8.200  ; 8.698  ; 8.698  ; 8.200  ;
; x1[2]      ; y[2]         ; 8.228  ; 8.950  ; 8.950  ; 8.228  ;
; x1[2]      ; y[3]         ; 9.037  ; 7.847  ; 7.847  ; 9.037  ;
; x1[2]      ; y[4]         ; 8.452  ; 8.904  ; 8.904  ; 8.452  ;
; x1[2]      ; y[5]         ; 8.430  ; 9.157  ; 9.157  ; 8.430  ;
; x1[2]      ; y[6]         ; 8.966  ; 8.484  ; 8.484  ; 8.966  ;
; x1[2]      ; ySoma_aux[2] ; 6.603  ; 6.603  ; 6.603  ; 6.603  ;
; x1[2]      ; ySoma_aux[3] ; 6.577  ; 6.577  ; 6.577  ; 6.577  ;
; x1[3]      ; CoLed        ; 11.764 ; 12.605 ; 12.605 ; 11.764 ;
; x1[3]      ; y[0]         ; 12.505 ; 12.235 ; 12.235 ; 12.505 ;
; x1[3]      ; y[1]         ; 12.231 ; 12.506 ; 12.506 ; 12.231 ;
; x1[3]      ; y[2]         ; 12.259 ; 12.758 ; 12.758 ; 12.259 ;
; x1[3]      ; y[3]         ; 12.845 ; 11.878 ; 11.878 ; 12.845 ;
; x1[3]      ; y[4]         ; 12.483 ; 12.738 ; 12.738 ; 12.483 ;
; x1[3]      ; y[5]         ; 12.461 ; 12.964 ; 12.964 ; 12.461 ;
; x1[3]      ; y[6]         ; 12.778 ; 12.515 ; 12.515 ; 12.778 ;
; x1[3]      ; ySoma_aux[3] ; 11.090 ; 11.090 ; 11.090 ; 11.090 ;
+------------+--------------+--------+--------+--------+--------+


----------------------------
; Fast Model Setup Summary ;
----------------------------
No paths to report.


---------------------------
; Fast Model Hold Summary ;
---------------------------
No paths to report.


-------------------------------
; Fast Model Recovery Summary ;
-------------------------------
No paths to report.


------------------------------
; Fast Model Removal Summary ;
------------------------------
No paths to report.


------------------------------------------
; Fast Model Minimum Pulse Width Summary ;
------------------------------------------
No paths to report.


+-----------------------------------------------------------+
; Propagation Delay                                         ;
+------------+--------------+-------+-------+-------+-------+
; Input Port ; Output Port  ; RR    ; RF    ; FR    ; FF    ;
+------------+--------------+-------+-------+-------+-------+
; SMult[0]   ; CoLed        ; 4.168 ; 4.338 ; 4.338 ; 4.168 ;
; SMult[0]   ; y[0]         ; 5.156 ; 5.156 ; 5.156 ; 5.156 ;
; SMult[0]   ; y[1]         ; 5.163 ; 5.163 ; 5.163 ; 5.163 ;
; SMult[0]   ; y[2]         ; 5.283 ; 5.283 ; 5.283 ; 5.283 ;
; SMult[0]   ; y[3]         ; 5.311 ; 5.311 ; 5.311 ; 5.311 ;
; SMult[0]   ; y[4]         ; 5.267 ; 5.267 ; 5.267 ; 5.267 ;
; SMult[0]   ; y[5]         ; 5.365 ; 5.163 ; 5.163 ; 5.365 ;
; SMult[0]   ; y[6]         ; 5.295 ; 5.295 ; 5.295 ; 5.295 ;
; SMult[1]   ; CoLed        ; 4.050 ; 3.894 ; 3.894 ; 4.050 ;
; SMult[1]   ; y[0]         ; 5.033 ; 5.033 ; 5.033 ; 5.033 ;
; SMult[1]   ; y[1]         ; 5.040 ; 5.040 ; 5.040 ; 5.040 ;
; SMult[1]   ; y[2]         ; 5.160 ; 5.160 ; 5.160 ; 5.160 ;
; SMult[1]   ; y[3]         ; 5.188 ; 5.188 ; 5.188 ; 5.188 ;
; SMult[1]   ; y[4]         ; 5.144 ; 5.144 ; 5.144 ; 5.144 ;
; SMult[1]   ; y[5]         ; 5.040 ; 5.242 ; 5.242 ; 5.040 ;
; SMult[1]   ; y[6]         ; 5.172 ; 5.172 ; 5.172 ; 5.172 ;
; SMult[2]   ; CoLed        ;       ; 3.717 ; 3.717 ;       ;
; SMult[2]   ; y[0]         ; 5.118 ; 5.118 ; 5.118 ; 5.118 ;
; SMult[2]   ; y[1]         ; 5.125 ; 5.125 ; 5.125 ; 5.125 ;
; SMult[2]   ; y[2]         ; 5.245 ; 5.245 ; 5.245 ; 5.245 ;
; SMult[2]   ; y[3]         ; 5.273 ; 5.273 ; 5.273 ; 5.273 ;
; SMult[2]   ; y[4]         ; 5.229 ; 5.229 ; 5.229 ; 5.229 ;
; SMult[2]   ; y[5]         ; 5.125 ; 5.327 ; 5.327 ; 5.125 ;
; SMult[2]   ; y[6]         ; 5.257 ; 5.257 ; 5.257 ; 5.257 ;
; desliga    ; y[0]         ;       ; 6.351 ; 6.351 ;       ;
; desliga    ; y[1]         ;       ; 6.325 ; 6.325 ;       ;
; desliga    ; y[2]         ;       ; 6.342 ; 6.342 ;       ;
; desliga    ; y[3]         ;       ; 6.415 ; 6.415 ;       ;
; desliga    ; y[4]         ;       ; 6.438 ; 6.438 ;       ;
; desliga    ; y[5]         ;       ; 6.422 ; 6.422 ;       ;
; desliga    ; y[6]         ;       ; 6.465 ; 6.465 ;       ;
; x0[0]      ; CoLed        ; 7.129 ; 7.084 ; 7.084 ; 7.129 ;
; x0[0]      ; y[0]         ; 7.781 ; 7.781 ; 7.781 ; 7.781 ;
; x0[0]      ; y[1]         ; 7.781 ; 7.781 ; 7.781 ; 7.781 ;
; x0[0]      ; y[2]         ; 7.901 ; 7.901 ; 7.901 ; 7.901 ;
; x0[0]      ; y[3]         ; 7.941 ; 7.941 ; 7.941 ; 7.941 ;
; x0[0]      ; y[4]         ; 7.887 ; 7.885 ; 7.885 ; 7.887 ;
; x0[0]      ; y[5]         ; 7.983 ; 7.980 ; 7.980 ; 7.983 ;
; x0[0]      ; y[6]         ; 7.913 ; 7.913 ; 7.913 ; 7.913 ;
; x0[0]      ; ySoma_aux[0] ; 6.014 ; 6.014 ; 6.014 ; 6.014 ;
; x0[0]      ; ySoma_aux[1] ; 5.967 ; 5.967 ; 5.967 ; 5.967 ;
; x0[0]      ; ySoma_aux[2] ; 6.178 ; 6.178 ; 6.178 ; 6.178 ;
; x0[0]      ; ySoma_aux[3] ; 6.276 ; 6.276 ; 6.276 ; 6.276 ;
; x0[1]      ; CoLed        ; 7.074 ; 7.038 ; 7.038 ; 7.074 ;
; x0[1]      ; y[0]         ; 7.735 ; 7.735 ; 7.735 ; 7.735 ;
; x0[1]      ; y[1]         ; 7.735 ; 7.735 ; 7.735 ; 7.735 ;
; x0[1]      ; y[2]         ; 7.855 ; 7.855 ; 7.855 ; 7.855 ;
; x0[1]      ; y[3]         ; 7.895 ; 7.895 ; 7.895 ; 7.895 ;
; x0[1]      ; y[4]         ; 7.841 ; 7.839 ; 7.839 ; 7.841 ;
; x0[1]      ; y[5]         ; 7.937 ; 7.934 ; 7.934 ; 7.937 ;
; x0[1]      ; y[6]         ; 7.867 ; 7.867 ; 7.867 ; 7.867 ;
; x0[1]      ; ySoma_aux[1] ; 5.919 ; 5.919 ; 5.919 ; 5.919 ;
; x0[1]      ; ySoma_aux[2] ; 6.123 ; 6.123 ; 6.123 ; 6.123 ;
; x0[1]      ; ySoma_aux[3] ; 6.221 ; 6.221 ; 6.221 ; 6.221 ;
; x0[2]      ; CoLed        ; 6.941 ; 6.897 ; 6.897 ; 6.941 ;
; x0[2]      ; y[0]         ; 7.594 ; 7.594 ; 7.594 ; 7.594 ;
; x0[2]      ; y[1]         ; 7.594 ; 7.594 ; 7.594 ; 7.594 ;
; x0[2]      ; y[2]         ; 7.714 ; 7.714 ; 7.714 ; 7.714 ;
; x0[2]      ; y[3]         ; 7.754 ; 7.754 ; 7.754 ; 7.754 ;
; x0[2]      ; y[4]         ; 7.700 ; 7.698 ; 7.698 ; 7.700 ;
; x0[2]      ; y[5]         ; 7.796 ; 7.793 ; 7.793 ; 7.796 ;
; x0[2]      ; y[6]         ; 7.726 ; 7.726 ; 7.726 ; 7.726 ;
; x0[2]      ; ySoma_aux[2] ; 5.950 ; 5.950 ; 5.950 ; 5.950 ;
; x0[2]      ; ySoma_aux[3] ; 5.933 ; 5.933 ; 5.933 ; 5.933 ;
; x0[3]      ; CoLed        ; 6.669 ; 6.662 ; 6.662 ; 6.669 ;
; x0[3]      ; y[0]         ; 7.359 ; 7.359 ; 7.359 ; 7.359 ;
; x0[3]      ; y[1]         ; 7.359 ; 7.359 ; 7.359 ; 7.359 ;
; x0[3]      ; y[2]         ; 7.479 ; 7.479 ; 7.479 ; 7.479 ;
; x0[3]      ; y[3]         ; 7.519 ; 7.519 ; 7.519 ; 7.519 ;
; x0[3]      ; y[4]         ; 7.465 ; 7.463 ; 7.463 ; 7.465 ;
; x0[3]      ; y[5]         ; 7.561 ; 7.558 ; 7.558 ; 7.561 ;
; x0[3]      ; y[6]         ; 7.491 ; 7.491 ; 7.491 ; 7.491 ;
; x0[3]      ; ySoma_aux[3] ; 6.019 ; 6.019 ; 6.019 ; 6.019 ;
; x1[0]      ; CoLed        ; 4.808 ; 4.846 ; 4.846 ; 4.808 ;
; x1[0]      ; y[0]         ; 5.505 ; 5.505 ; 5.505 ; 5.505 ;
; x1[0]      ; y[1]         ; 5.505 ; 5.505 ; 5.505 ; 5.505 ;
; x1[0]      ; y[2]         ; 5.625 ; 5.625 ; 5.625 ; 5.625 ;
; x1[0]      ; y[3]         ; 5.665 ; 5.665 ; 5.665 ; 5.665 ;
; x1[0]      ; y[4]         ; 5.609 ; 5.611 ; 5.611 ; 5.609 ;
; x1[0]      ; y[5]         ; 5.704 ; 5.707 ; 5.707 ; 5.704 ;
; x1[0]      ; y[6]         ; 5.637 ; 5.637 ; 5.637 ; 5.637 ;
; x1[0]      ; ySoma_aux[0] ; 3.497 ; 3.497 ; 3.497 ; 3.497 ;
; x1[0]      ; ySoma_aux[1] ; 3.686 ; 3.686 ; 3.686 ; 3.686 ;
; x1[0]      ; ySoma_aux[2] ; 3.896 ; 3.896 ; 3.896 ; 3.896 ;
; x1[0]      ; ySoma_aux[3] ; 3.994 ; 3.994 ; 3.994 ; 3.994 ;
; x1[1]      ; CoLed        ; 4.934 ; 4.961 ; 4.961 ; 4.934 ;
; x1[1]      ; y[0]         ; 5.631 ; 5.631 ; 5.631 ; 5.631 ;
; x1[1]      ; y[1]         ; 5.631 ; 5.631 ; 5.631 ; 5.631 ;
; x1[1]      ; y[2]         ; 5.751 ; 5.751 ; 5.751 ; 5.751 ;
; x1[1]      ; y[3]         ; 5.791 ; 5.791 ; 5.791 ; 5.791 ;
; x1[1]      ; y[4]         ; 5.735 ; 5.737 ; 5.737 ; 5.735 ;
; x1[1]      ; y[5]         ; 5.830 ; 5.833 ; 5.833 ; 5.830 ;
; x1[1]      ; y[6]         ; 5.763 ; 5.763 ; 5.763 ; 5.763 ;
; x1[1]      ; ySoma_aux[1] ; 3.807 ; 3.807 ; 3.807 ; 3.807 ;
; x1[1]      ; ySoma_aux[2] ; 4.012 ; 4.012 ; 4.012 ; 4.012 ;
; x1[1]      ; ySoma_aux[3] ; 4.110 ; 4.110 ; 4.110 ; 4.110 ;
; x1[2]      ; CoLed        ; 4.420 ; 4.453 ; 4.453 ; 4.420 ;
; x1[2]      ; y[0]         ; 5.117 ; 5.117 ; 5.117 ; 5.117 ;
; x1[2]      ; y[1]         ; 5.117 ; 5.117 ; 5.117 ; 5.117 ;
; x1[2]      ; y[2]         ; 5.237 ; 5.237 ; 5.237 ; 5.237 ;
; x1[2]      ; y[3]         ; 5.277 ; 5.277 ; 5.277 ; 5.277 ;
; x1[2]      ; y[4]         ; 5.221 ; 5.223 ; 5.223 ; 5.221 ;
; x1[2]      ; y[5]         ; 5.316 ; 5.319 ; 5.319 ; 5.316 ;
; x1[2]      ; y[6]         ; 5.249 ; 5.249 ; 5.249 ; 5.249 ;
; x1[2]      ; ySoma_aux[2] ; 3.478 ; 3.478 ; 3.478 ; 3.478 ;
; x1[2]      ; ySoma_aux[3] ; 3.448 ; 3.448 ; 3.448 ; 3.448 ;
; x1[3]      ; CoLed        ; 6.895 ; 6.799 ; 6.799 ; 6.895 ;
; x1[3]      ; y[0]         ; 7.592 ; 7.592 ; 7.592 ; 7.592 ;
; x1[3]      ; y[1]         ; 7.592 ; 7.592 ; 7.592 ; 7.592 ;
; x1[3]      ; y[2]         ; 7.712 ; 7.712 ; 7.712 ; 7.712 ;
; x1[3]      ; y[3]         ; 7.752 ; 7.752 ; 7.752 ; 7.752 ;
; x1[3]      ; y[4]         ; 7.696 ; 7.698 ; 7.698 ; 7.696 ;
; x1[3]      ; y[5]         ; 7.791 ; 7.794 ; 7.794 ; 7.791 ;
; x1[3]      ; y[6]         ; 7.724 ; 7.724 ; 7.724 ; 7.724 ;
; x1[3]      ; ySoma_aux[3] ; 6.126 ; 6.126 ; 6.126 ; 6.126 ;
+------------+--------------+-------+-------+-------+-------+


+-----------------------------------------------------------+
; Minimum Propagation Delay                                 ;
+------------+--------------+-------+-------+-------+-------+
; Input Port ; Output Port  ; RR    ; RF    ; FR    ; FF    ;
+------------+--------------+-------+-------+-------+-------+
; SMult[0]   ; CoLed        ; 3.968 ; 4.338 ; 4.338 ; 3.968 ;
; SMult[0]   ; y[0]         ; 4.022 ; 4.527 ; 4.527 ; 4.022 ;
; SMult[0]   ; y[1]         ; 4.530 ; 4.023 ; 4.023 ; 4.530 ;
; SMult[0]   ; y[2]         ; 4.655 ; 4.035 ; 4.035 ; 4.655 ;
; SMult[0]   ; y[3]         ; 3.945 ; 4.679 ; 4.679 ; 3.945 ;
; SMult[0]   ; y[4]         ; 4.633 ; 4.121 ; 4.121 ; 4.633 ;
; SMult[0]   ; y[5]         ; 4.734 ; 4.116 ; 4.116 ; 4.734 ;
; SMult[0]   ; y[6]         ; 4.154 ; 4.664 ; 4.664 ; 4.154 ;
; SMult[1]   ; CoLed        ; 4.050 ; 3.894 ; 3.894 ; 4.050 ;
; SMult[1]   ; y[0]         ; 4.098 ; 4.377 ; 4.377 ; 4.098 ;
; SMult[1]   ; y[1]         ; 4.471 ; 4.099 ; 4.099 ; 4.471 ;
; SMult[1]   ; y[2]         ; 4.597 ; 4.111 ; 4.111 ; 4.597 ;
; SMult[1]   ; y[3]         ; 4.021 ; 4.528 ; 4.528 ; 4.021 ;
; SMult[1]   ; y[4]         ; 4.483 ; 4.197 ; 4.197 ; 4.483 ;
; SMult[1]   ; y[5]         ; 4.584 ; 4.192 ; 4.192 ; 4.584 ;
; SMult[1]   ; y[6]         ; 4.230 ; 4.516 ; 4.516 ; 4.230 ;
; SMult[2]   ; CoLed        ;       ; 3.717 ; 3.717 ;       ;
; SMult[2]   ; y[0]         ; 3.858 ; 4.207 ; 4.207 ; 3.858 ;
; SMult[2]   ; y[1]         ; 4.211 ; 3.859 ; 3.859 ; 4.211 ;
; SMult[2]   ; y[2]         ; 4.337 ; 3.871 ; 3.871 ; 4.337 ;
; SMult[2]   ; y[3]         ; 3.781 ; 4.358 ; 4.358 ; 3.781 ;
; SMult[2]   ; y[4]         ; 4.313 ; 3.957 ; 3.957 ; 4.313 ;
; SMult[2]   ; y[5]         ; 4.414 ; 3.952 ; 3.952 ; 4.414 ;
; SMult[2]   ; y[6]         ; 3.990 ; 4.346 ; 4.346 ; 3.990 ;
; desliga    ; y[0]         ;       ; 6.351 ; 6.351 ;       ;
; desliga    ; y[1]         ;       ; 6.325 ; 6.325 ;       ;
; desliga    ; y[2]         ;       ; 6.342 ; 6.342 ;       ;
; desliga    ; y[3]         ;       ; 6.415 ; 6.415 ;       ;
; desliga    ; y[4]         ;       ; 6.438 ; 6.438 ;       ;
; desliga    ; y[5]         ;       ; 6.422 ; 6.422 ;       ;
; desliga    ; y[6]         ;       ; 6.465 ; 6.465 ;       ;
; x0[0]      ; CoLed        ; 6.787 ; 7.084 ; 7.084 ; 6.787 ;
; x0[0]      ; y[0]         ; 6.640 ; 6.640 ; 6.640 ; 6.640 ;
; x0[0]      ; y[1]         ; 6.630 ; 6.630 ; 6.630 ; 6.630 ;
; x0[0]      ; y[2]         ; 6.755 ; 6.755 ; 6.755 ; 6.755 ;
; x0[0]      ; y[3]         ; 6.682 ; 6.800 ; 6.800 ; 6.682 ;
; x0[0]      ; y[4]         ; 6.746 ; 6.746 ; 6.746 ; 6.746 ;
; x0[0]      ; y[5]         ; 6.839 ; 6.839 ; 6.839 ; 6.839 ;
; x0[0]      ; y[6]         ; 6.770 ; 6.770 ; 6.770 ; 6.770 ;
; x0[0]      ; ySoma_aux[0] ; 6.014 ; 6.014 ; 6.014 ; 6.014 ;
; x0[0]      ; ySoma_aux[1] ; 5.967 ; 5.967 ; 5.967 ; 5.967 ;
; x0[0]      ; ySoma_aux[2] ; 6.178 ; 6.178 ; 6.178 ; 6.178 ;
; x0[0]      ; ySoma_aux[3] ; 6.276 ; 6.276 ; 6.276 ; 6.276 ;
; x0[1]      ; CoLed        ; 6.732 ; 7.038 ; 7.038 ; 6.732 ;
; x0[1]      ; y[0]         ; 6.585 ; 6.585 ; 6.585 ; 6.585 ;
; x0[1]      ; y[1]         ; 6.575 ; 6.575 ; 6.575 ; 6.575 ;
; x0[1]      ; y[2]         ; 6.700 ; 6.700 ; 6.700 ; 6.700 ;
; x0[1]      ; y[3]         ; 6.636 ; 6.745 ; 6.745 ; 6.636 ;
; x0[1]      ; y[4]         ; 6.691 ; 6.691 ; 6.691 ; 6.691 ;
; x0[1]      ; y[5]         ; 6.784 ; 6.784 ; 6.784 ; 6.784 ;
; x0[1]      ; y[6]         ; 6.715 ; 6.715 ; 6.715 ; 6.715 ;
; x0[1]      ; ySoma_aux[1] ; 5.919 ; 5.919 ; 5.919 ; 5.919 ;
; x0[1]      ; ySoma_aux[2] ; 6.123 ; 6.123 ; 6.123 ; 6.123 ;
; x0[1]      ; ySoma_aux[3] ; 6.221 ; 6.221 ; 6.221 ; 6.221 ;
; x0[2]      ; CoLed        ; 6.567 ; 6.897 ; 6.897 ; 6.567 ;
; x0[2]      ; y[0]         ; 6.658 ; 6.770 ; 6.770 ; 6.658 ;
; x0[2]      ; y[1]         ; 6.774 ; 6.653 ; 6.653 ; 6.774 ;
; x0[2]      ; y[2]         ; 6.897 ; 6.677 ; 6.677 ; 6.897 ;
; x0[2]      ; y[3]         ; 6.495 ; 6.923 ; 6.923 ; 6.495 ;
; x0[2]      ; y[4]         ; 6.877 ; 6.774 ; 6.774 ; 6.877 ;
; x0[2]      ; y[5]         ; 6.978 ; 6.755 ; 6.755 ; 6.978 ;
; x0[2]      ; y[6]         ; 6.800 ; 6.908 ; 6.908 ; 6.800 ;
; x0[2]      ; ySoma_aux[2] ; 5.950 ; 5.950 ; 5.950 ; 5.950 ;
; x0[2]      ; ySoma_aux[3] ; 5.933 ; 5.933 ; 5.933 ; 5.933 ;
; x0[3]      ; CoLed        ; 6.215 ; 6.662 ; 6.662 ; 6.215 ;
; x0[3]      ; y[0]         ; 6.423 ; 6.649 ; 6.649 ; 6.423 ;
; x0[3]      ; y[1]         ; 6.652 ; 6.418 ; 6.418 ; 6.652 ;
; x0[3]      ; y[2]         ; 6.777 ; 6.442 ; 6.442 ; 6.777 ;
; x0[3]      ; y[3]         ; 6.260 ; 6.801 ; 6.801 ; 6.260 ;
; x0[3]      ; y[4]         ; 6.755 ; 6.539 ; 6.539 ; 6.755 ;
; x0[3]      ; y[5]         ; 6.856 ; 6.520 ; 6.520 ; 6.856 ;
; x0[3]      ; y[6]         ; 6.565 ; 6.786 ; 6.786 ; 6.565 ;
; x0[3]      ; ySoma_aux[3] ; 6.019 ; 6.019 ; 6.019 ; 6.019 ;
; x1[0]      ; CoLed        ; 4.505 ; 4.846 ; 4.846 ; 4.505 ;
; x1[0]      ; y[0]         ; 4.356 ; 4.356 ; 4.356 ; 4.356 ;
; x1[0]      ; y[1]         ; 4.346 ; 4.346 ; 4.346 ; 4.346 ;
; x1[0]      ; y[2]         ; 4.471 ; 4.471 ; 4.471 ; 4.471 ;
; x1[0]      ; y[3]         ; 4.516 ; 4.406 ; 4.406 ; 4.516 ;
; x1[0]      ; y[4]         ; 4.462 ; 4.462 ; 4.462 ; 4.462 ;
; x1[0]      ; y[5]         ; 4.555 ; 4.555 ; 4.555 ; 4.555 ;
; x1[0]      ; y[6]         ; 4.486 ; 4.486 ; 4.486 ; 4.486 ;
; x1[0]      ; ySoma_aux[0] ; 3.497 ; 3.497 ; 3.497 ; 3.497 ;
; x1[0]      ; ySoma_aux[1] ; 3.686 ; 3.686 ; 3.686 ; 3.686 ;
; x1[0]      ; ySoma_aux[2] ; 3.896 ; 3.896 ; 3.896 ; 3.896 ;
; x1[0]      ; ySoma_aux[3] ; 3.994 ; 3.994 ; 3.994 ; 3.994 ;
; x1[1]      ; CoLed        ; 4.621 ; 4.961 ; 4.961 ; 4.621 ;
; x1[1]      ; y[0]         ; 4.472 ; 4.472 ; 4.472 ; 4.472 ;
; x1[1]      ; y[1]         ; 4.462 ; 4.462 ; 4.462 ; 4.462 ;
; x1[1]      ; y[2]         ; 4.587 ; 4.587 ; 4.587 ; 4.587 ;
; x1[1]      ; y[3]         ; 4.632 ; 4.532 ; 4.532 ; 4.632 ;
; x1[1]      ; y[4]         ; 4.578 ; 4.578 ; 4.578 ; 4.578 ;
; x1[1]      ; y[5]         ; 4.671 ; 4.671 ; 4.671 ; 4.671 ;
; x1[1]      ; y[6]         ; 4.602 ; 4.602 ; 4.602 ; 4.602 ;
; x1[1]      ; ySoma_aux[1] ; 3.807 ; 3.807 ; 3.807 ; 3.807 ;
; x1[1]      ; ySoma_aux[2] ; 4.012 ; 4.012 ; 4.012 ; 4.012 ;
; x1[1]      ; ySoma_aux[3] ; 4.110 ; 4.110 ; 4.110 ; 4.110 ;
; x1[2]      ; CoLed        ; 4.080 ; 4.453 ; 4.453 ; 4.080 ;
; x1[2]      ; y[0]         ; 4.384 ; 4.181 ; 4.181 ; 4.384 ;
; x1[2]      ; y[1]         ; 4.176 ; 4.389 ; 4.389 ; 4.176 ;
; x1[2]      ; y[2]         ; 4.200 ; 4.511 ; 4.511 ; 4.200 ;
; x1[2]      ; y[3]         ; 4.538 ; 4.018 ; 4.018 ; 4.538 ;
; x1[2]      ; y[4]         ; 4.297 ; 4.492 ; 4.492 ; 4.297 ;
; x1[2]      ; y[5]         ; 4.278 ; 4.593 ; 4.593 ; 4.278 ;
; x1[2]      ; y[6]         ; 4.523 ; 4.323 ; 4.323 ; 4.523 ;
; x1[2]      ; ySoma_aux[2] ; 3.478 ; 3.478 ; 3.478 ; 3.478 ;
; x1[2]      ; ySoma_aux[3] ; 3.448 ; 3.448 ; 3.448 ; 3.448 ;
; x1[3]      ; CoLed        ; 6.448 ; 6.799 ; 6.799 ; 6.448 ;
; x1[3]      ; y[0]         ; 6.756 ; 6.656 ; 6.656 ; 6.756 ;
; x1[3]      ; y[1]         ; 6.651 ; 6.759 ; 6.759 ; 6.651 ;
; x1[3]      ; y[2]         ; 6.675 ; 6.884 ; 6.884 ; 6.675 ;
; x1[3]      ; y[3]         ; 6.908 ; 6.493 ; 6.493 ; 6.908 ;
; x1[3]      ; y[4]         ; 6.772 ; 6.862 ; 6.862 ; 6.772 ;
; x1[3]      ; y[5]         ; 6.753 ; 6.963 ; 6.963 ; 6.753 ;
; x1[3]      ; y[6]         ; 6.893 ; 6.798 ; 6.798 ; 6.893 ;
; x1[3]      ; ySoma_aux[3] ; 6.126 ; 6.126 ; 6.126 ; 6.126 ;
+------------+--------------+-------+-------+-------+-------+


+----------------------------------------------------------------------------+
; Multicorner Timing Analysis Summary                                        ;
+------------------+-------+------+----------+---------+---------------------+
; Clock            ; Setup ; Hold ; Recovery ; Removal ; Minimum Pulse Width ;
+------------------+-------+------+----------+---------+---------------------+
; Worst-case Slack ; N/A   ; N/A  ; N/A      ; N/A     ; N/A                 ;
; Design-wide TNS  ; 0.0   ; 0.0  ; 0.0      ; 0.0     ; 0.0                 ;
+------------------+-------+------+----------+---------+---------------------+


+---------------------------------------------------------------+
; Progagation Delay                                             ;
+------------+--------------+--------+--------+--------+--------+
; Input Port ; Output Port  ; RR     ; RF     ; FR     ; FF     ;
+------------+--------------+--------+--------+--------+--------+
; SMult[0]   ; CoLed        ; 8.070  ; 8.498  ; 8.498  ; 8.070  ;
; SMult[0]   ; y[0]         ; 10.393 ; 10.393 ; 10.393 ; 10.393 ;
; SMult[0]   ; y[1]         ; 10.393 ; 10.393 ; 10.393 ; 10.393 ;
; SMult[0]   ; y[2]         ; 10.645 ; 10.645 ; 10.645 ; 10.645 ;
; SMult[0]   ; y[3]         ; 10.732 ; 10.732 ; 10.732 ; 10.732 ;
; SMult[0]   ; y[4]         ; 10.599 ; 10.599 ; 10.599 ; 10.599 ;
; SMult[0]   ; y[5]         ; 10.852 ; 10.376 ; 10.376 ; 10.852 ;
; SMult[0]   ; y[6]         ; 10.661 ; 10.661 ; 10.661 ; 10.661 ;
; SMult[1]   ; CoLed        ; 7.819  ; 7.446  ; 7.446  ; 7.819  ;
; SMult[1]   ; y[0]         ; 10.113 ; 10.113 ; 10.113 ; 10.113 ;
; SMult[1]   ; y[1]         ; 10.113 ; 10.113 ; 10.113 ; 10.113 ;
; SMult[1]   ; y[2]         ; 10.365 ; 10.365 ; 10.365 ; 10.365 ;
; SMult[1]   ; y[3]         ; 10.452 ; 10.452 ; 10.452 ; 10.452 ;
; SMult[1]   ; y[4]         ; 10.319 ; 10.319 ; 10.319 ; 10.319 ;
; SMult[1]   ; y[5]         ; 10.096 ; 10.572 ; 10.572 ; 10.096 ;
; SMult[1]   ; y[6]         ; 10.381 ; 10.381 ; 10.381 ; 10.381 ;
; SMult[2]   ; CoLed        ;        ; 7.057  ; 7.057  ;        ;
; SMult[2]   ; y[0]         ; 10.267 ; 10.267 ; 10.267 ; 10.267 ;
; SMult[2]   ; y[1]         ; 10.267 ; 10.267 ; 10.267 ; 10.267 ;
; SMult[2]   ; y[2]         ; 10.519 ; 10.519 ; 10.519 ; 10.519 ;
; SMult[2]   ; y[3]         ; 10.606 ; 10.606 ; 10.606 ; 10.606 ;
; SMult[2]   ; y[4]         ; 10.473 ; 10.473 ; 10.473 ; 10.473 ;
; SMult[2]   ; y[5]         ; 10.285 ; 10.726 ; 10.726 ; 10.285 ;
; SMult[2]   ; y[6]         ; 10.535 ; 10.535 ; 10.535 ; 10.535 ;
; desliga    ; y[0]         ;        ; 11.271 ; 11.271 ;        ;
; desliga    ; y[1]         ;        ; 11.272 ; 11.272 ;        ;
; desliga    ; y[2]         ;        ; 11.292 ; 11.292 ;        ;
; desliga    ; y[3]         ;        ; 11.439 ; 11.439 ;        ;
; desliga    ; y[4]         ;        ; 11.515 ; 11.515 ;        ;
; desliga    ; y[5]         ;        ; 11.494 ; 11.494 ;        ;
; desliga    ; y[6]         ;        ; 11.555 ; 11.555 ;        ;
; x0[0]      ; CoLed        ; 13.367 ; 13.232 ; 13.232 ; 13.367 ;
; x0[0]      ; y[0]         ; 14.849 ; 14.849 ; 14.849 ; 14.849 ;
; x0[0]      ; y[1]         ; 14.849 ; 14.849 ; 14.849 ; 14.849 ;
; x0[0]      ; y[2]         ; 15.101 ; 15.101 ; 15.101 ; 15.101 ;
; x0[0]      ; y[3]         ; 15.188 ; 15.188 ; 15.188 ; 15.188 ;
; x0[0]      ; y[4]         ; 15.077 ; 15.055 ; 15.055 ; 15.077 ;
; x0[0]      ; y[5]         ; 15.308 ; 15.289 ; 15.289 ; 15.308 ;
; x0[0]      ; y[6]         ; 15.117 ; 15.117 ; 15.117 ; 15.117 ;
; x0[0]      ; ySoma_aux[0] ; 10.772 ; 10.772 ; 10.772 ; 10.772 ;
; x0[0]      ; ySoma_aux[1] ; 10.692 ; 10.692 ; 10.692 ; 10.692 ;
; x0[0]      ; ySoma_aux[2] ; 11.109 ; 11.109 ; 11.109 ; 11.109 ;
; x0[0]      ; ySoma_aux[3] ; 11.389 ; 11.389 ; 11.389 ; 11.389 ;
; x0[1]      ; CoLed        ; 13.280 ; 13.154 ; 13.154 ; 13.280 ;
; x0[1]      ; y[0]         ; 14.771 ; 14.771 ; 14.771 ; 14.771 ;
; x0[1]      ; y[1]         ; 14.771 ; 14.771 ; 14.771 ; 14.771 ;
; x0[1]      ; y[2]         ; 15.023 ; 15.023 ; 15.023 ; 15.023 ;
; x0[1]      ; y[3]         ; 15.110 ; 15.110 ; 15.110 ; 15.110 ;
; x0[1]      ; y[4]         ; 14.999 ; 14.977 ; 14.977 ; 14.999 ;
; x0[1]      ; y[5]         ; 15.230 ; 15.211 ; 15.211 ; 15.230 ;
; x0[1]      ; y[6]         ; 15.039 ; 15.039 ; 15.039 ; 15.039 ;
; x0[1]      ; ySoma_aux[1] ; 10.613 ; 10.613 ; 10.613 ; 10.613 ;
; x0[1]      ; ySoma_aux[2] ; 11.025 ; 11.025 ; 11.025 ; 11.025 ;
; x0[1]      ; ySoma_aux[3] ; 11.305 ; 11.305 ; 11.305 ; 11.305 ;
; x0[2]      ; CoLed        ; 12.974 ; 12.813 ; 12.813 ; 12.974 ;
; x0[2]      ; y[0]         ; 14.430 ; 14.430 ; 14.430 ; 14.430 ;
; x0[2]      ; y[1]         ; 14.430 ; 14.430 ; 14.430 ; 14.430 ;
; x0[2]      ; y[2]         ; 14.682 ; 14.682 ; 14.682 ; 14.682 ;
; x0[2]      ; y[3]         ; 14.769 ; 14.769 ; 14.769 ; 14.769 ;
; x0[2]      ; y[4]         ; 14.658 ; 14.636 ; 14.636 ; 14.658 ;
; x0[2]      ; y[5]         ; 14.889 ; 14.870 ; 14.870 ; 14.889 ;
; x0[2]      ; y[6]         ; 14.698 ; 14.698 ; 14.698 ; 14.698 ;
; x0[2]      ; ySoma_aux[2] ; 10.682 ; 10.682 ; 10.682 ; 10.682 ;
; x0[2]      ; ySoma_aux[3] ; 10.661 ; 10.661 ; 10.661 ; 10.661 ;
; x0[3]      ; CoLed        ; 12.278 ; 12.243 ; 12.243 ; 12.278 ;
; x0[3]      ; y[0]         ; 13.860 ; 13.860 ; 13.860 ; 13.860 ;
; x0[3]      ; y[1]         ; 13.860 ; 13.860 ; 13.860 ; 13.860 ;
; x0[3]      ; y[2]         ; 14.112 ; 14.112 ; 14.112 ; 14.112 ;
; x0[3]      ; y[3]         ; 14.199 ; 14.199 ; 14.199 ; 14.199 ;
; x0[3]      ; y[4]         ; 14.088 ; 14.066 ; 14.066 ; 14.088 ;
; x0[3]      ; y[5]         ; 14.319 ; 14.300 ; 14.300 ; 14.319 ;
; x0[3]      ; y[6]         ; 14.128 ; 14.128 ; 14.128 ; 14.128 ;
; x0[3]      ; ySoma_aux[3] ; 10.859 ; 10.859 ; 10.859 ; 10.859 ;
; x1[0]      ; CoLed        ; 9.616  ; 9.742  ; 9.742  ; 9.616  ;
; x1[0]      ; y[0]         ; 11.233 ; 11.233 ; 11.233 ; 11.233 ;
; x1[0]      ; y[1]         ; 11.233 ; 11.233 ; 11.233 ; 11.233 ;
; x1[0]      ; y[2]         ; 11.485 ; 11.485 ; 11.485 ; 11.485 ;
; x1[0]      ; y[3]         ; 11.572 ; 11.572 ; 11.572 ; 11.572 ;
; x1[0]      ; y[4]         ; 11.439 ; 11.461 ; 11.461 ; 11.439 ;
; x1[0]      ; y[5]         ; 11.673 ; 11.692 ; 11.692 ; 11.673 ;
; x1[0]      ; y[6]         ; 11.501 ; 11.501 ; 11.501 ; 11.501 ;
; x1[0]      ; ySoma_aux[0] ; 6.605  ; 6.605  ; 6.605  ; 6.605  ;
; x1[0]      ; ySoma_aux[1] ; 7.075  ; 7.075  ; 7.075  ; 7.075  ;
; x1[0]      ; ySoma_aux[2] ; 7.489  ; 7.489  ; 7.489  ; 7.489  ;
; x1[0]      ; ySoma_aux[3] ; 7.769  ; 7.769  ; 7.769  ; 7.769  ;
; x1[1]      ; CoLed        ; 9.876  ; 9.975  ; 9.975  ; 9.876  ;
; x1[1]      ; y[0]         ; 11.493 ; 11.493 ; 11.493 ; 11.493 ;
; x1[1]      ; y[1]         ; 11.493 ; 11.493 ; 11.493 ; 11.493 ;
; x1[1]      ; y[2]         ; 11.745 ; 11.745 ; 11.745 ; 11.745 ;
; x1[1]      ; y[3]         ; 11.832 ; 11.832 ; 11.832 ; 11.832 ;
; x1[1]      ; y[4]         ; 11.699 ; 11.721 ; 11.721 ; 11.699 ;
; x1[1]      ; y[5]         ; 11.933 ; 11.952 ; 11.952 ; 11.933 ;
; x1[1]      ; y[6]         ; 11.761 ; 11.761 ; 11.761 ; 11.761 ;
; x1[1]      ; ySoma_aux[1] ; 7.332  ; 7.332  ; 7.332  ; 7.332  ;
; x1[1]      ; ySoma_aux[2] ; 7.746  ; 7.746  ; 7.746  ; 7.746  ;
; x1[1]      ; ySoma_aux[3] ; 8.026  ; 8.026  ; 8.026  ; 8.026  ;
; x1[2]      ; CoLed        ; 8.750  ; 8.882  ; 8.882  ; 8.750  ;
; x1[2]      ; y[0]         ; 10.367 ; 10.367 ; 10.367 ; 10.367 ;
; x1[2]      ; y[1]         ; 10.367 ; 10.367 ; 10.367 ; 10.367 ;
; x1[2]      ; y[2]         ; 10.619 ; 10.619 ; 10.619 ; 10.619 ;
; x1[2]      ; y[3]         ; 10.706 ; 10.706 ; 10.706 ; 10.706 ;
; x1[2]      ; y[4]         ; 10.573 ; 10.595 ; 10.595 ; 10.573 ;
; x1[2]      ; y[5]         ; 10.807 ; 10.826 ; 10.826 ; 10.807 ;
; x1[2]      ; y[6]         ; 10.635 ; 10.635 ; 10.635 ; 10.635 ;
; x1[2]      ; ySoma_aux[2] ; 6.603  ; 6.603  ; 6.603  ; 6.603  ;
; x1[2]      ; ySoma_aux[3] ; 6.577  ; 6.577  ; 6.577  ; 6.577  ;
; x1[3]      ; CoLed        ; 12.781 ; 12.605 ; 12.605 ; 12.781 ;
; x1[3]      ; y[0]         ; 14.398 ; 14.398 ; 14.398 ; 14.398 ;
; x1[3]      ; y[1]         ; 14.398 ; 14.398 ; 14.398 ; 14.398 ;
; x1[3]      ; y[2]         ; 14.650 ; 14.650 ; 14.650 ; 14.650 ;
; x1[3]      ; y[3]         ; 14.737 ; 14.737 ; 14.737 ; 14.737 ;
; x1[3]      ; y[4]         ; 14.604 ; 14.626 ; 14.626 ; 14.604 ;
; x1[3]      ; y[5]         ; 14.838 ; 14.857 ; 14.857 ; 14.838 ;
; x1[3]      ; y[6]         ; 14.666 ; 14.666 ; 14.666 ; 14.666 ;
; x1[3]      ; ySoma_aux[3] ; 11.090 ; 11.090 ; 11.090 ; 11.090 ;
+------------+--------------+--------+--------+--------+--------+


+-----------------------------------------------------------+
; Minimum Progagation Delay                                 ;
+------------+--------------+-------+-------+-------+-------+
; Input Port ; Output Port  ; RR    ; RF    ; FR    ; FF    ;
+------------+--------------+-------+-------+-------+-------+
; SMult[0]   ; CoLed        ; 3.968 ; 4.338 ; 4.338 ; 3.968 ;
; SMult[0]   ; y[0]         ; 4.022 ; 4.527 ; 4.527 ; 4.022 ;
; SMult[0]   ; y[1]         ; 4.530 ; 4.023 ; 4.023 ; 4.530 ;
; SMult[0]   ; y[2]         ; 4.655 ; 4.035 ; 4.035 ; 4.655 ;
; SMult[0]   ; y[3]         ; 3.945 ; 4.679 ; 4.679 ; 3.945 ;
; SMult[0]   ; y[4]         ; 4.633 ; 4.121 ; 4.121 ; 4.633 ;
; SMult[0]   ; y[5]         ; 4.734 ; 4.116 ; 4.116 ; 4.734 ;
; SMult[0]   ; y[6]         ; 4.154 ; 4.664 ; 4.664 ; 4.154 ;
; SMult[1]   ; CoLed        ; 4.050 ; 3.894 ; 3.894 ; 4.050 ;
; SMult[1]   ; y[0]         ; 4.098 ; 4.377 ; 4.377 ; 4.098 ;
; SMult[1]   ; y[1]         ; 4.471 ; 4.099 ; 4.099 ; 4.471 ;
; SMult[1]   ; y[2]         ; 4.597 ; 4.111 ; 4.111 ; 4.597 ;
; SMult[1]   ; y[3]         ; 4.021 ; 4.528 ; 4.528 ; 4.021 ;
; SMult[1]   ; y[4]         ; 4.483 ; 4.197 ; 4.197 ; 4.483 ;
; SMult[1]   ; y[5]         ; 4.584 ; 4.192 ; 4.192 ; 4.584 ;
; SMult[1]   ; y[6]         ; 4.230 ; 4.516 ; 4.516 ; 4.230 ;
; SMult[2]   ; CoLed        ;       ; 3.717 ; 3.717 ;       ;
; SMult[2]   ; y[0]         ; 3.858 ; 4.207 ; 4.207 ; 3.858 ;
; SMult[2]   ; y[1]         ; 4.211 ; 3.859 ; 3.859 ; 4.211 ;
; SMult[2]   ; y[2]         ; 4.337 ; 3.871 ; 3.871 ; 4.337 ;
; SMult[2]   ; y[3]         ; 3.781 ; 4.358 ; 4.358 ; 3.781 ;
; SMult[2]   ; y[4]         ; 4.313 ; 3.957 ; 3.957 ; 4.313 ;
; SMult[2]   ; y[5]         ; 4.414 ; 3.952 ; 3.952 ; 4.414 ;
; SMult[2]   ; y[6]         ; 3.990 ; 4.346 ; 4.346 ; 3.990 ;
; desliga    ; y[0]         ;       ; 6.351 ; 6.351 ;       ;
; desliga    ; y[1]         ;       ; 6.325 ; 6.325 ;       ;
; desliga    ; y[2]         ;       ; 6.342 ; 6.342 ;       ;
; desliga    ; y[3]         ;       ; 6.415 ; 6.415 ;       ;
; desliga    ; y[4]         ;       ; 6.438 ; 6.438 ;       ;
; desliga    ; y[5]         ;       ; 6.422 ; 6.422 ;       ;
; desliga    ; y[6]         ;       ; 6.465 ; 6.465 ;       ;
; x0[0]      ; CoLed        ; 6.787 ; 7.084 ; 7.084 ; 6.787 ;
; x0[0]      ; y[0]         ; 6.640 ; 6.640 ; 6.640 ; 6.640 ;
; x0[0]      ; y[1]         ; 6.630 ; 6.630 ; 6.630 ; 6.630 ;
; x0[0]      ; y[2]         ; 6.755 ; 6.755 ; 6.755 ; 6.755 ;
; x0[0]      ; y[3]         ; 6.682 ; 6.800 ; 6.800 ; 6.682 ;
; x0[0]      ; y[4]         ; 6.746 ; 6.746 ; 6.746 ; 6.746 ;
; x0[0]      ; y[5]         ; 6.839 ; 6.839 ; 6.839 ; 6.839 ;
; x0[0]      ; y[6]         ; 6.770 ; 6.770 ; 6.770 ; 6.770 ;
; x0[0]      ; ySoma_aux[0] ; 6.014 ; 6.014 ; 6.014 ; 6.014 ;
; x0[0]      ; ySoma_aux[1] ; 5.967 ; 5.967 ; 5.967 ; 5.967 ;
; x0[0]      ; ySoma_aux[2] ; 6.178 ; 6.178 ; 6.178 ; 6.178 ;
; x0[0]      ; ySoma_aux[3] ; 6.276 ; 6.276 ; 6.276 ; 6.276 ;
; x0[1]      ; CoLed        ; 6.732 ; 7.038 ; 7.038 ; 6.732 ;
; x0[1]      ; y[0]         ; 6.585 ; 6.585 ; 6.585 ; 6.585 ;
; x0[1]      ; y[1]         ; 6.575 ; 6.575 ; 6.575 ; 6.575 ;
; x0[1]      ; y[2]         ; 6.700 ; 6.700 ; 6.700 ; 6.700 ;
; x0[1]      ; y[3]         ; 6.636 ; 6.745 ; 6.745 ; 6.636 ;
; x0[1]      ; y[4]         ; 6.691 ; 6.691 ; 6.691 ; 6.691 ;
; x0[1]      ; y[5]         ; 6.784 ; 6.784 ; 6.784 ; 6.784 ;
; x0[1]      ; y[6]         ; 6.715 ; 6.715 ; 6.715 ; 6.715 ;
; x0[1]      ; ySoma_aux[1] ; 5.919 ; 5.919 ; 5.919 ; 5.919 ;
; x0[1]      ; ySoma_aux[2] ; 6.123 ; 6.123 ; 6.123 ; 6.123 ;
; x0[1]      ; ySoma_aux[3] ; 6.221 ; 6.221 ; 6.221 ; 6.221 ;
; x0[2]      ; CoLed        ; 6.567 ; 6.897 ; 6.897 ; 6.567 ;
; x0[2]      ; y[0]         ; 6.658 ; 6.770 ; 6.770 ; 6.658 ;
; x0[2]      ; y[1]         ; 6.774 ; 6.653 ; 6.653 ; 6.774 ;
; x0[2]      ; y[2]         ; 6.897 ; 6.677 ; 6.677 ; 6.897 ;
; x0[2]      ; y[3]         ; 6.495 ; 6.923 ; 6.923 ; 6.495 ;
; x0[2]      ; y[4]         ; 6.877 ; 6.774 ; 6.774 ; 6.877 ;
; x0[2]      ; y[5]         ; 6.978 ; 6.755 ; 6.755 ; 6.978 ;
; x0[2]      ; y[6]         ; 6.800 ; 6.908 ; 6.908 ; 6.800 ;
; x0[2]      ; ySoma_aux[2] ; 5.950 ; 5.950 ; 5.950 ; 5.950 ;
; x0[2]      ; ySoma_aux[3] ; 5.933 ; 5.933 ; 5.933 ; 5.933 ;
; x0[3]      ; CoLed        ; 6.215 ; 6.662 ; 6.662 ; 6.215 ;
; x0[3]      ; y[0]         ; 6.423 ; 6.649 ; 6.649 ; 6.423 ;
; x0[3]      ; y[1]         ; 6.652 ; 6.418 ; 6.418 ; 6.652 ;
; x0[3]      ; y[2]         ; 6.777 ; 6.442 ; 6.442 ; 6.777 ;
; x0[3]      ; y[3]         ; 6.260 ; 6.801 ; 6.801 ; 6.260 ;
; x0[3]      ; y[4]         ; 6.755 ; 6.539 ; 6.539 ; 6.755 ;
; x0[3]      ; y[5]         ; 6.856 ; 6.520 ; 6.520 ; 6.856 ;
; x0[3]      ; y[6]         ; 6.565 ; 6.786 ; 6.786 ; 6.565 ;
; x0[3]      ; ySoma_aux[3] ; 6.019 ; 6.019 ; 6.019 ; 6.019 ;
; x1[0]      ; CoLed        ; 4.505 ; 4.846 ; 4.846 ; 4.505 ;
; x1[0]      ; y[0]         ; 4.356 ; 4.356 ; 4.356 ; 4.356 ;
; x1[0]      ; y[1]         ; 4.346 ; 4.346 ; 4.346 ; 4.346 ;
; x1[0]      ; y[2]         ; 4.471 ; 4.471 ; 4.471 ; 4.471 ;
; x1[0]      ; y[3]         ; 4.516 ; 4.406 ; 4.406 ; 4.516 ;
; x1[0]      ; y[4]         ; 4.462 ; 4.462 ; 4.462 ; 4.462 ;
; x1[0]      ; y[5]         ; 4.555 ; 4.555 ; 4.555 ; 4.555 ;
; x1[0]      ; y[6]         ; 4.486 ; 4.486 ; 4.486 ; 4.486 ;
; x1[0]      ; ySoma_aux[0] ; 3.497 ; 3.497 ; 3.497 ; 3.497 ;
; x1[0]      ; ySoma_aux[1] ; 3.686 ; 3.686 ; 3.686 ; 3.686 ;
; x1[0]      ; ySoma_aux[2] ; 3.896 ; 3.896 ; 3.896 ; 3.896 ;
; x1[0]      ; ySoma_aux[3] ; 3.994 ; 3.994 ; 3.994 ; 3.994 ;
; x1[1]      ; CoLed        ; 4.621 ; 4.961 ; 4.961 ; 4.621 ;
; x1[1]      ; y[0]         ; 4.472 ; 4.472 ; 4.472 ; 4.472 ;
; x1[1]      ; y[1]         ; 4.462 ; 4.462 ; 4.462 ; 4.462 ;
; x1[1]      ; y[2]         ; 4.587 ; 4.587 ; 4.587 ; 4.587 ;
; x1[1]      ; y[3]         ; 4.632 ; 4.532 ; 4.532 ; 4.632 ;
; x1[1]      ; y[4]         ; 4.578 ; 4.578 ; 4.578 ; 4.578 ;
; x1[1]      ; y[5]         ; 4.671 ; 4.671 ; 4.671 ; 4.671 ;
; x1[1]      ; y[6]         ; 4.602 ; 4.602 ; 4.602 ; 4.602 ;
; x1[1]      ; ySoma_aux[1] ; 3.807 ; 3.807 ; 3.807 ; 3.807 ;
; x1[1]      ; ySoma_aux[2] ; 4.012 ; 4.012 ; 4.012 ; 4.012 ;
; x1[1]      ; ySoma_aux[3] ; 4.110 ; 4.110 ; 4.110 ; 4.110 ;
; x1[2]      ; CoLed        ; 4.080 ; 4.453 ; 4.453 ; 4.080 ;
; x1[2]      ; y[0]         ; 4.384 ; 4.181 ; 4.181 ; 4.384 ;
; x1[2]      ; y[1]         ; 4.176 ; 4.389 ; 4.389 ; 4.176 ;
; x1[2]      ; y[2]         ; 4.200 ; 4.511 ; 4.511 ; 4.200 ;
; x1[2]      ; y[3]         ; 4.538 ; 4.018 ; 4.018 ; 4.538 ;
; x1[2]      ; y[4]         ; 4.297 ; 4.492 ; 4.492 ; 4.297 ;
; x1[2]      ; y[5]         ; 4.278 ; 4.593 ; 4.593 ; 4.278 ;
; x1[2]      ; y[6]         ; 4.523 ; 4.323 ; 4.323 ; 4.523 ;
; x1[2]      ; ySoma_aux[2] ; 3.478 ; 3.478 ; 3.478 ; 3.478 ;
; x1[2]      ; ySoma_aux[3] ; 3.448 ; 3.448 ; 3.448 ; 3.448 ;
; x1[3]      ; CoLed        ; 6.448 ; 6.799 ; 6.799 ; 6.448 ;
; x1[3]      ; y[0]         ; 6.756 ; 6.656 ; 6.656 ; 6.756 ;
; x1[3]      ; y[1]         ; 6.651 ; 6.759 ; 6.759 ; 6.651 ;
; x1[3]      ; y[2]         ; 6.675 ; 6.884 ; 6.884 ; 6.675 ;
; x1[3]      ; y[3]         ; 6.908 ; 6.493 ; 6.493 ; 6.908 ;
; x1[3]      ; y[4]         ; 6.772 ; 6.862 ; 6.862 ; 6.772 ;
; x1[3]      ; y[5]         ; 6.753 ; 6.963 ; 6.963 ; 6.753 ;
; x1[3]      ; y[6]         ; 6.893 ; 6.798 ; 6.798 ; 6.893 ;
; x1[3]      ; ySoma_aux[3] ; 6.126 ; 6.126 ; 6.126 ; 6.126 ;
+------------+--------------+-------+-------+-------+-------+


-------------------
; Clock Transfers ;
-------------------
Nothing to report.


---------------
; Report TCCS ;
---------------
No dedicated SERDES Transmitter circuitry present in device or used in design


---------------
; Report RSKM ;
---------------
No dedicated SERDES Receiver circuitry present in device or used in design


+------------------------------------------------+
; Unconstrained Paths                            ;
+---------------------------------+-------+------+
; Property                        ; Setup ; Hold ;
+---------------------------------+-------+------+
; Illegal Clocks                  ; 0     ; 0    ;
; Unconstrained Clocks            ; 0     ; 0    ;
; Unconstrained Input Ports       ; 12    ; 12   ;
; Unconstrained Input Port Paths  ; 115   ; 115  ;
; Unconstrained Output Ports      ; 12    ; 12   ;
; Unconstrained Output Port Paths ; 115   ; 115  ;
+---------------------------------+-------+------+


+------------------------------------+
; TimeQuest Timing Analyzer Messages ;
+------------------------------------+
Info: *******************************************************************
Info: Running Quartus II 64-Bit TimeQuest Timing Analyzer
    Info: Version 13.0.0 Build 156 04/24/2013 SJ Web Edition
    Info: Processing started: Mon Apr 15 15:43:40 2019
Info: Command: quartus_sta multiplexador -c multiplexador
Info: qsta_default_script.tcl version: #1
Warning (20028): Parallel compilation is not licensed and has been disabled
Info (21077): Low junction temperature is 0 degrees C
Info (21077): High junction temperature is 85 degrees C
Critical Warning (332012): Synopsys Design Constraints File file not found: 'multiplexador.sdc'. A Synopsys Design Constraints File is required by the TimeQuest Timing Analyzer to get proper timing constraints. Without it, the Compiler will not properly optimize the design.
Info (332142): No user constrained base clocks found in the design. Calling "derive_clocks -period 1.0"
Info (332096): The command derive_clocks did not find any clocks to derive.  No clocks were created or changed.
Warning (332068): No clocks defined in design.
Info: Found TIMEQUEST_REPORT_SCRIPT_INCLUDE_DEFAULT_ANALYSIS = ON
Info (332159): No clocks to report
Info: Analyzing Slow Model
Info (332140): No fmax paths to report
Info (332140): No Setup paths to report
Info (332140): No Hold paths to report
Info (332140): No Recovery paths to report
Info (332140): No Removal paths to report
Info (332140): No Minimum Pulse Width paths to report
Info (332001): The selected device family is not supported by the report_metastability command.
Info: Analyzing Fast Model
Info (332142): No user constrained base clocks found in the design. Calling "derive_clocks -period 1.0"
Info (332096): The command derive_clocks did not find any clocks to derive.  No clocks were created or changed.
Warning (332068): No clocks defined in design.
Info (332140): No Setup paths to report
Info (332140): No Hold paths to report
Info (332140): No Recovery paths to report
Info (332140): No Removal paths to report
Info (332140): No Minimum Pulse Width paths to report
Info (332001): The selected device family is not supported by the report_metastability command.
Info (332102): Design is not fully constrained for setup requirements
Info (332102): Design is not fully constrained for hold requirements
Info: Quartus II 64-Bit TimeQuest Timing Analyzer was successful. 0 errors, 4 warnings
    Info: Peak virtual memory: 4556 megabytes
    Info: Processing ended: Mon Apr 15 15:43:41 2019
    Info: Elapsed time: 00:00:01
    Info: Total CPU time (on all processors): 00:00:01


